// Jest Snapshot v1, https://goo.gl/fbAQLP

exports[`<Card> renders the expected component 1`] = `
<div
  className="tc bg-light-green dib br3 pa3 ma2 grow bw2 shadow-5"
>
  <img
    alt="robots"
    src="https://robohash.org/12?size=200x200"
  />
  <div>
    <h2>
      some name
    </h2>
    <p>
      test@test.com
    </p>
  </div>
</div>
`;
